"1. Why the Philippines?
Culture and People
Resilient, hospitable with strong service attitude, friendly
Agility and adaptability
Good English communication skills; English as second language

The strongest resource of the Philippines has always been its people and its culture.
Nothing comes close to Filipino work attitude and hospitality; friendly, seemingly endless smiles regardless of the situation, makes every Filipino a perfect fit in the customer service industry.

Filipinos are also well known for their resiliency and adaptability; able to quickly adjust to any condition and are also very empathetic.
As a people, we pride ourselves on prioritizing education. English being the primary medium of instruction, has become the second language to many, making us one of the top Asian countries with very high English proficiency levels.

Overall, while having great communications skills is a definite advantage, the attitude of customer orientation, resiliency, and adapatability each Filipino brings to wherever they are definite game changers."

"2. What is the difference between offshoring and outsourcing?
Similarities
- employment of highly skilled and qualified staff to fill roles within a separate business or for another client

Offshoring
- You can select your own qualified team members based on your skill requirements and job description.
- Team members will follow your processes and procedures.
- Have direct control over team members’ performance and compensation.

Outsourcing
- Team members are hired by your provider based on the qualifications and skills agreed upon to perform the outsourced work.
- The provider may recommend enhancements in your processes and procedures
- The outsourcing company manage staff performance and productivity to ensure that committed client service levels are met."

"3. What are the benefits of offshoring and outsourcing?
E’s of outsourcing

- Economical- Outright reduction of staffing cost. Retaining high-quality talents also give long term savings as employees become more productive as they gain more skills and experience. Typically, the process of outsourcing results in cost reduction vs getting the same jobs performed onshore, where labor costs are higher, not including the other benefits of employing internally for these roles.

- Efficient and Effective - Workflow improvements that result in increased efficiency and productivty. Outsourcing/offshoring may lead to recommended process and policy enhancements not just intended to improve processing time but also improve overall customer experience and satisfction.

- Evolving and Elevating - Building new capabilities that support optimized process capability and increased business profitability; Reaching different levels of strategic partnership with clients that push for expansion of current and new businesses, creating or elevating standards of operating business models"

"4. Why choose .ppl Solutions, Inc.?
- Executives with more than 60 years of combined experience in Business Process Outsourcing.
- Self-made leaders who have risen from the ranks, with in-depth (firsthand) experience of outsourcing and offshoring global teams
- Driven by employees who work in a collaborative work environment -that fosters the ideology that Happy .ppl create Happy Customers
- Promotes a culture of winning and success but based on trust, excellence and .ppl, uncompromising in our pursuit of promoting a well balanced lifestyle of professional and personal achievements and overall well-being"

"5. Who will help me build my team?

.ppl Solutions, Inc.'s TRI-ACE Team is a specially designed team that will help you transition your business whether you go on Offshoring or Outsourcing path. The team is composed of process analysts, project managers, business consultants and other experts who can guide you from the beginning to the end of the transition process. Each member has extensive years of experience in successfully managing a variety of project launches, equipping them with cogent skills that ensures an effective and a winning ramp.


From the initial touch point, to mapping simple to complex processes, creating strategic yet integrated frameworks and building (designing?) robust and dynamic business solutions, we will solidarily work in partnership with your team until project implementation.

Depending on the partnership model you choose to have with .ppl Solutions, Inc., the TRI-ACE Team will help ensure a successful journey of transforming your business."

6. How do I get started? 
At .ppl Solutions, Inc., we made a commitment to our clients to design a framework of success for their outsourcing / offshoring journey.
Discovery is the first step in understanding the client and aligning with the business operations. Calibration, scoping and in-depth analysis lead to invaluable breakthroughs that prevent pitfalls and failures. Our ACE (assess, calibrate and establish baseline) approach to Discovery assures an outstanding partnership and project implementation.
During Design, business modelling and process mapping are some of the critical activities we do to ensure the right solutions are implemented and rolled out.
Once the ideal solution has been finalized, we will transition, ramp and integrate your business to .ppl Solutions, Inc. way of doing business.